// 重构日志: e5ac35d2
// 重构日志: 75e10f76
// 重构日志: bf291490
// 同步 ID: c143d4fa @ Mon Jul  6 15:05:20 UTC 2026
// 重构日志: a12c6465
// 同步 ID: 857e156f @ Sat Jul 11 14:55:03 UTC 2026
// 同步 ID: bfd5b985 @ Tue Jul 14 07:07:51 UTC 2026
// 重构日志: d2be9521
// 重构日志: cc4952cb
// 重构日志: 2e4e59c6
// 重构日志: bcbe7666
// 同步 ID: 70efb01d @ Wed Jul 22 08:26:51 UTC 2026
// 重构日志: be2b7654
// 重构日志: 1e6d1a85
// 同步 ID: c402364b @ Fri Jul 24 18:28:47 UTC 2026
// 重构日志: f2958993
// 重构日志: 11155726
// 重构日志: b24c5bd3
// 重构日志: 3b79889b
// 同步 ID: 9ae248aa @ Sun Jul 26 16:27:10 UTC 2026
// 重构日志: f6c25df8
// 同步 ID: 8d9a196b @ Mon Jul 27 12:15:09 UTC 2026
// 重构日志: ec43bd3e
// 同步 ID: e3f11638 @ Tue Jul 28 03:45:51 UTC 2026
// 同步 ID: df7df83e @ Wed Jul 29 00:57:16 UTC 2026
// 同步 ID: 8b86353b @ Thu Jul 30 09:51:28 UTC 2026
// 同步 ID: e73b3c68 @ Fri Jul 31 05:23:34 UTC 2026
// 重构日志: cc6a67b9
// 重构日志: c338715d
